
darsh@LAPTOP-URQBIE3E MINGW64 ~
$ git status
fatal: not a git repository (or any of the parent directories): .git

darsh@LAPTOP-URQBIE3E MINGW64 ~
$ ls
'3D Objects'/
 Anaconda3/
 AndroidStudioProjects/
 AppData/
'Application Data'@
 Contacts/
 Cookies@
 Desktop/
 Documents/
 Downloads/
 Favorites/
 IdeaProjects/
 IntelGraphicsProfiles/
 Java/
 java_error_in_studio_1864.log
 java_error_in_studio_5136.log
 java_error_in_studio_9752.log
 Links/
'Local Settings'@
 MicrosoftEdgeBackups/
 Music/
'My Documents'@
 NetHood@
 NTUSER.DAT
 ntuser.dat.LOG1
 ntuser.dat.LOG2
 NTUSER.DAT{d4f38a1d-3a08-11ea-9227-c7b79fceda0d}.TM.blf
 NTUSER.DAT{d4f38a1d-3a08-11ea-9227-c7b79fceda0d}.TMContainer00000000000000000001.regtrans-ms
 NTUSER.DAT{d4f38a1d-3a08-11ea-9227-c7b79fceda0d}.TMContainer00000000000000000002.regtrans-ms
 ntuser.ini
 OneDrive/
 Pictures/
 Postman/
 PrintHood@
 Project/
 Recent@
'Saved Games'/
 Searches/
 SendTo@
 source/
'Start Menu'@
 tarun/
 Templates@
 Videos/

darsh@LAPTOP-URQBIE3E MINGW64 ~
$ mkdir Sample

darsh@LAPTOP-URQBIE3E MINGW64 ~
$ cd Sample

darsh@LAPTOP-URQBIE3E MINGW64 ~/Sample
$ git init
Initialized empty Git repository in C:/Users/darsh/Sample/.git/

darsh@LAPTOP-URQBIE3E MINGW64 ~/Sample (master)
$ touch README.md

darsh@LAPTOP-URQBIE3E MINGW64 ~/Sample (master)
$ git status
On branch master

No commits yet

Untracked files:
  (use "git add <file>..." to include in what will be committed)
        README.md

nothing added to commit but untracked files present (use "git add" to track)

darsh@LAPTOP-URQBIE3E MINGW64 ~/Sample (master)
$ git add ,
fatal: pathspec ',' did not match any files

darsh@LAPTOP-URQBIE3E MINGW64 ~/Sample (master)
$ git add ,
fatal: pathspec ',' did not match any files

darsh@LAPTOP-URQBIE3E MINGW64 ~/Sample (master)
$ git add .

darsh@LAPTOP-URQBIE3E MINGW64 ~/Sample (master)
$ git status
On branch master

No commits yet

Changes to be committed:
  (use "git rm --cached <file>..." to unstage)
        new file:   README.md


darsh@LAPTOP-URQBIE3E MINGW64 ~/Sample (master)
$ git commit -m "added readme.md"

*** Please tell me who you are.

Run

  git config --global user.email "you@example.com"
  git config --global user.name "Your Name"

to set your account's default identity.
Omit --global to set the identity only in this repository.

fatal: unable to auto-detect email address (got 'darsh@LAPTOP-URQBIE3E.(none)')

darsh@LAPTOP-URQBIE3E MINGW64 ~/Sample (master)
$ ^C

darsh@LAPTOP-URQBIE3E MINGW64 ~/Sample (master)
$ git config --global user.email "darshanhegde5@gmail.com"

darsh@LAPTOP-URQBIE3E MINGW64 ~/Sample (master)
$ git config --global user.name "DarshanPH"

darsh@LAPTOP-URQBIE3E MINGW64 ~/Sample (master)
$ git commit -m "added readme.md"
[master (root-commit) 583f5bd] added readme.md
 1 file changed, 2 insertions(+)
 create mode 100644 README.md

darsh@LAPTOP-URQBIE3E MINGW64 ~/Sample (master)
$ git remote add origin https://github.com/DarshanPH/Sample.git

darsh@LAPTOP-URQBIE3E MINGW64 ~/Sample (master)
$ git push -u origin master
Logon failed, use ctrl+c to cancel basic credential prompt.
remote: Invalid username or password.
fatal: Authentication failed for 'https://github.com/DarshanPH/Sample.git/'

darsh@LAPTOP-URQBIE3E MINGW64 ~/Sample (master)
$ git push -u origin master
Logon failed, use ctrl+c to cancel basic credential prompt.
git push -u origin master



darsh@LAPTOP-URQBIE3E MINGW64 ~/Sample (master)
$ git push -u origin master
fatal: unable to access 'https://github.com/DarshanPH/Sample.git/': Could not resolve host: github.com

darsh@LAPTOP-URQBIE3E MINGW64 ~/Sample (master)
$

darsh@LAPTOP-URQBIE3E MINGW64 ~/Sample (master)
$ git push -u origin master
Enumerating objects: 3, done.
Counting objects: 100% (3/3), done.
Writing objects: 100% (3/3), 237 bytes | 237.00 KiB/s, done.
Total 3 (delta 0), reused 0 (delta 0)
To https://github.com/DarshanPH/Sample.git
 * [new branch]      master -> master
Branch 'master' set up to track remote branch 'master' from 'origin'.

darsh@LAPTOP-URQBIE3E MINGW64 ~/Sample (master)
$ git pull
Already up to date.

darsh@LAPTOP-URQBIE3E MINGW64 ~/Sample (master)
$
